(base) mihir@Mihirs-MacBook-Air calculator % git diff
diff --git a/calc.c b/calc.c
index be3f7e6..fe1925d 100644
--- a/calc.c
+++ b/calc.c
@@ -1,7 +1,8 @@
 #include <stdio.h>
+#include <math.h> // Required for pow()
 
 int main() {
-    double num1, num2;
+    double num1, num2, result;
     char operator;
 
     printf("Simple Calculator\n");
@@ -9,29 +10,37 @@ int main() {
     printf("Enter first number: ");
     scanf("%lf", &num1);
 
-    printf("Enter an operator (+, -, *, /): ");
-    scanf(" %c", &operator);  // space before %c to consume any leftover newline
+    printf("Enter an operator (+, -, *, /, ^): ");
+    scanf(" %c", &operator);  // Note the space before %c
 
     printf("Enter second number: ");
     scanf("%lf", &num2);
 
     switch (operator) {
         case '+':
-            printf("Result: %.2lf + %.2lf = %.2lf\n", num1, num2, num1 + num2);
+            result = num1 + num2;
+            printf("Result: %.2lf + %.2lf = %.2lf\n", num1, num2, result);
             break;
         case '-':
-            printf("Result: %.2lf - %.2lf = %.2lf\n", num1, num2, num1 - num2);
+            result = num1 - num2;
+            printf("Result: %.2lf - %.2lf = %.2lf\n", num1, num2, result);
             break;
         case '*':
-            printf("Result: %.2lf * %.2lf = %.2lf\n", num1, num2, num1 * num2);
+            result = num1 * num2;
+            printf("Result: %.2lf * %.2lf = %.2lf\n", num1, num2, result);
             break;
         case '/':
             if (num2 == 0) {
                 printf("Error: Division by zero is not allowed.\n");
             } else {
-                printf("Result: %.2lf / %.2lf = %.2lf\n", num1, num2, num1 / num2);
+                result = num1 / num2;
+                printf("Result: %.2lf / %.2lf = %.2lf\n", num1, num2, result);
             }
             break;
+        case '^':
+            result = pow(num1, num2);
+            printf("Result: %.2lf ^ %.2lf = %.2lf\n", num1, num2, result);
+            break;

(base) mihir@Mihirs-MacBook-Air calculator % git status
On branch master
Changes not staged for commit:
  (use "git add <file>..." to update what will be committed)
  (use "git restore <file>..." to discard changes in working directory)
	modified:   calc.c

no changes added to commit (use "git add" and/or "git commit -a")
(base) mihir@Mihirs-MacBook-Air calculator % git add calc.c
(base) mihir@Mihirs-MacBook-Air calculator % git status
On branch master
Changes to be committed:
  (use "git restore --staged <file>..." to unstage)
	modified:   calc.c

Untracked files:
  (use "git add <file>..." to include in what will be committed)
	q1.txt

(base) mihir@Mihirs-MacBook-Air calculator % git add .
(base) mihir@Mihirs-MacBook-Air calculator % git status
On branch master
Changes to be committed:
  (use "git restore --staged <file>..." to unstage)
	modified:   calc.c
	new file:   q1.txt

(base) mihir@Mihirs-MacBook-Air calculator % git commit -m "Added Exponent"
[master a43433c] Added Exponent
 2 files changed, 81 insertions(+), 7 deletions(-)
 create mode 100644 q1.txt
(base) mihir@Mihirs-MacBook-Air calculator % git status
On branch master
nothing to commit, working tree clean
(base) mihir@Mihirs-MacBook-Air calculator % 
